[17:11:39.061] === session demarree, SROptimizer 0.1.0 ===
[17:11:39.064] config : profil=custom lod=True ab=False unlockFrameRate=False
[17:11:39.242] etat : privee 830 Mo | travail 862 Mo | unity 437/563 Mo | geree 32 Mo | acteurs 122 | fps 152
[17:11:41.243] etat : privee 889 Mo | travail 910 Mo | unity 447/577 Mo | geree 47 Mo | acteurs 122 | fps 120
[17:11:43.251] etat : privee 1517 Mo | travail 1551 Mo | unity 863/983 Mo | geree 58 Mo | acteurs 122 | fps 56
[17:11:48.710] etat : privee 1922 Mo | travail 1932 Mo | unity 1049/1298 Mo | geree 95 Mo | acteurs 147 | fps 120
[17:11:50.717] etat : privee 1967 Mo | travail 1996 Mo | unity 1029/1303 Mo | geree 98 Mo | acteurs 124 | fps 113
[17:11:52.726] etat : privee 1973 Mo | travail 2005 Mo | unity 1027/1303 Mo | geree 91 Mo | acteurs 124 | fps 111
[17:11:54.725] etat : privee 1974 Mo | travail 2006 Mo | unity 1028/1304 Mo | geree 107 Mo | acteurs 131 | fps 120
[17:11:56.731] etat : privee 1971 Mo | travail 2002 Mo | unity 1028/1304 Mo | geree 101 Mo | acteurs 131 | fps 120
[17:11:58.735] etat : privee 1971 Mo | travail 2002 Mo | unity 1030/1304 Mo | geree 100 Mo | acteurs 261 | fps 120
[17:12:00.744] etat : privee 1972 Mo | travail 2003 Mo | unity 1030/1304 Mo | geree 94 Mo | acteurs 259 | fps 82
[17:12:02.748] etat : privee 1993 Mo | travail 2021 Mo | unity 1031/1306 Mo | geree 97 Mo | acteurs 262 | fps 66
[17:12:04.765] etat : privee 1995 Mo | travail 2024 Mo | unity 1031/1306 Mo | geree 105 Mo | acteurs 262 | fps 64
[17:12:06.771] etat : privee 1998 Mo | travail 2027 Mo | unity 1030/1306 Mo | geree 107 Mo | acteurs 255 | fps 83
[17:12:08.778] etat : privee 1999 Mo | travail 2028 Mo | unity 1028/1306 Mo | geree 93 Mo | acteurs 137 | fps 60
[17:12:10.779] etat : privee 1998 Mo | travail 2027 Mo | unity 1030/1306 Mo | geree 101 Mo | acteurs 137 | fps 72
[17:12:12.795] etat : privee 1998 Mo | travail 2028 Mo | unity 1030/1306 Mo | geree 107 Mo | acteurs 137 | fps 71
[17:12:14.795] etat : privee 1998 Mo | travail 2029 Mo | unity 1030/1306 Mo | geree 96 Mo | acteurs 137 | fps 79
[17:12:16.797] etat : privee 1986 Mo | travail 2017 Mo | unity 1030/1306 Mo | geree 103 Mo | acteurs 137 | fps 77
[17:12:18.803] etat : privee 1986 Mo | travail 2017 Mo | unity 1029/1306 Mo | geree 111 Mo | acteurs 137 | fps 69
[17:12:20.806] etat : privee 2001 Mo | travail 2031 Mo | unity 1029/1306 Mo | geree 99 Mo | acteurs 137 | fps 109
[17:12:22.817] etat : privee 2001 Mo | travail 2032 Mo | unity 1028/1306 Mo | geree 92 Mo | acteurs 139 | fps 106
[17:12:24.848] etat : privee 2001 Mo | travail 2032 Mo | unity 1029/1306 Mo | geree 92 Mo | acteurs 145 | fps 25
[17:12:26.854] etat : privee 2001 Mo | travail 2032 Mo | unity 1029/1306 Mo | geree 110 Mo | acteurs 145 | fps 100
[17:12:28.855] etat : privee 2001 Mo | travail 2032 Mo | unity 1030/1306 Mo | geree 105 Mo | acteurs 145 | fps 120
[17:12:30.859] etat : privee 2001 Mo | travail 2033 Mo | unity 1030/1306 Mo | geree 103 Mo | acteurs 148 | fps 95
[17:12:32.868] etat : privee 2002 Mo | travail 2033 Mo | unity 1030/1306 Mo | geree 96 Mo | acteurs 140 | fps 116
[17:12:34.873] etat : privee 2008 Mo | travail 2040 Mo | unity 1032/1306 Mo | geree 111 Mo | acteurs 161 | fps 100
[17:12:36.880] etat : privee 2008 Mo | travail 2041 Mo | unity 1033/1306 Mo | geree 106 Mo | acteurs 229 | fps 80
[17:12:38.888] etat : privee 2009 Mo | travail 2041 Mo | unity 1034/1306 Mo | geree 105 Mo | acteurs 229 | fps 114
[17:12:40.899] etat : privee 2009 Mo | travail 2041 Mo | unity 1034/1306 Mo | geree 93 Mo | acteurs 218 | fps 106
[17:12:42.902] etat : privee 2009 Mo | travail 2041 Mo | unity 1033/1306 Mo | geree 104 Mo | acteurs 212 | fps 61
[17:12:44.901] etat : privee 2009 Mo | travail 2042 Mo | unity 1034/1306 Mo | geree 101 Mo | acteurs 294 | fps 93
[17:12:46.904] etat : privee 2009 Mo | travail 2042 Mo | unity 1033/1306 Mo | geree 99 Mo | acteurs 226 | fps 73
[17:12:48.905] etat : privee 2009 Mo | travail 2042 Mo | unity 1032/1306 Mo | geree 96 Mo | acteurs 143 | fps 71
[17:12:50.918] etat : privee 2010 Mo | travail 2043 Mo | unity 1032/1306 Mo | geree 107 Mo | acteurs 149 | fps 75
[17:12:52.922] etat : privee 2010 Mo | travail 2043 Mo | unity 1032/1306 Mo | geree 101 Mo | acteurs 146 | fps 88
[17:12:54.929] etat : privee 2010 Mo | travail 2043 Mo | unity 1032/1306 Mo | geree 96 Mo | acteurs 143 | fps 98
[17:12:56.935] etat : privee 2010 Mo | travail 2043 Mo | unity 1032/1306 Mo | geree 95 Mo | acteurs 152 | fps 90
[17:12:58.935] etat : privee 2010 Mo | travail 2043 Mo | unity 1032/1306 Mo | geree 95 Mo | acteurs 147 | fps 97
[17:13:00.939] etat : privee 2010 Mo | travail 2043 Mo | unity 1032/1306 Mo | geree 93 Mo | acteurs 144 | fps 97
[17:13:02.940] etat : privee 2010 Mo | travail 2043 Mo | unity 1032/1306 Mo | geree 110 Mo | acteurs 141 | fps 91
[17:13:04.964] etat : privee 2010 Mo | travail 2043 Mo | unity 1032/1306 Mo | geree 92 Mo | acteurs 141 | fps 23
[17:13:06.969] etat : privee 2010 Mo | travail 2043 Mo | unity 1031/1306 Mo | geree 96 Mo | acteurs 141 | fps 86
[17:13:08.971] etat : privee 2010 Mo | travail 2043 Mo | unity 1031/1306 Mo | geree 108 Mo | acteurs 139 | fps 120
[17:13:10.980] etat : privee 2010 Mo | travail 2043 Mo | unity 1031/1306 Mo | geree 110 Mo | acteurs 140 | fps 120
[17:13:12.982] etat : privee 2010 Mo | travail 2043 Mo | unity 1031/1306 Mo | geree 107 Mo | acteurs 143 | fps 100
[17:13:14.986] etat : privee 2010 Mo | travail 2043 Mo | unity 1031/1306 Mo | geree 105 Mo | acteurs 143 | fps 95
[17:13:16.997] etat : privee 2010 Mo | travail 2043 Mo | unity 1030/1306 Mo | geree 106 Mo | acteurs 143 | fps 97
[17:13:19.004] etat : privee 2010 Mo | travail 2043 Mo | unity 1030/1306 Mo | geree 101 Mo | acteurs 143 | fps 120
[17:13:21.007] etat : privee 2010 Mo | travail 2043 Mo | unity 1030/1306 Mo | geree 102 Mo | acteurs 143 | fps 97
[17:13:23.011] etat : privee 2010 Mo | travail 2043 Mo | unity 1030/1306 Mo | geree 101 Mo | acteurs 140 | fps 118
[17:13:25.016] etat : privee 2010 Mo | travail 2043 Mo | unity 1031/1306 Mo | geree 103 Mo | acteurs 220 | fps 89
[17:13:27.027] etat : privee 2012 Mo | travail 2044 Mo | unity 1031/1306 Mo | geree 100 Mo | acteurs 218 | fps 98
[17:13:29.031] etat : privee 2012 Mo | travail 2044 Mo | unity 1029/1306 Mo | geree 98 Mo | acteurs 136 | fps 119
[17:13:31.036] etat : privee 2012 Mo | travail 2044 Mo | unity 1029/1306 Mo | geree 93 Mo | acteurs 136 | fps 106
[17:13:33.038] etat : privee 2027 Mo | travail -2036 Mo | unity 1029/1306 Mo | geree 96 Mo | acteurs 136 | fps 85
[17:13:35.042] etat : privee 2014 Mo | travail 2046 Mo | unity 1029/1306 Mo | geree 107 Mo | acteurs 130 | fps 98
[17:13:37.055] etat : privee 2014 Mo | travail 2046 Mo | unity 1030/1306 Mo | geree 105 Mo | acteurs 209 | fps 71
[17:13:39.060] etat : privee 2014 Mo | travail 2046 Mo | unity 1030/1306 Mo | geree 108 Mo | acteurs 206 | fps 112
[17:13:41.069] etat : privee 2014 Mo | travail 2046 Mo | unity 1028/1306 Mo | geree 103 Mo | acteurs 124 | fps 88
[17:13:43.069] etat : privee 2014 Mo | travail 2046 Mo | unity 1028/1306 Mo | geree 97 Mo | acteurs 124 | fps 97
[17:13:45.073] etat : privee 2014 Mo | travail 2047 Mo | unity 1028/1306 Mo | geree 92 Mo | acteurs 128 | fps 80
[17:13:47.078] etat : privee 2014 Mo | travail 2047 Mo | unity 1028/1306 Mo | geree 108 Mo | acteurs 128 | fps 119
[17:13:49.083] etat : privee 2014 Mo | travail 2047 Mo | unity 1028/1306 Mo | geree 104 Mo | acteurs 128 | fps 120
[17:13:51.083] etat : privee 2014 Mo | travail 2047 Mo | unity 1028/1306 Mo | geree 101 Mo | acteurs 128 | fps 118
[17:13:53.084] etat : privee 2006 Mo | travail 2039 Mo | unity 1028/1306 Mo | geree 98 Mo | acteurs 128 | fps 120
[17:13:55.091] etat : privee 1998 Mo | travail 2031 Mo | unity 1028/1306 Mo | geree 96 Mo | acteurs 128 | fps 120
[17:13:57.771] etat : privee 1735 Mo | travail 1749 Mo | unity 806/1238 Mo | geree 98 Mo | acteurs 148 | fps 5
[17:13:59.111] === fin normale : fermeture du jeu ===
